{"components":{"schemas":{"AnotherTestSchema":{"properties":{"remoteName":{"$ref":"#/components/schemas/Name"}},"type":"object"},"Inline2":{"properties":{"name":{"type":"string"}},"type":"object"},"Name":{"type":"string"},"Recursive":{"properties":{"args":{"description":"Recursive schema arguments","items":{"type":"string"},"type":"array"},"block":{"items":{"$ref":"#/components/schemas/Recursive"},"type":"array"},"directive":{"description":"the name of the recursive shcema","type":"string"}},"required":["directive"]}}},"info":{"title":"OAI Specification w/ refs in YAML","version":"1"},"openapi":"3.0.0","paths":{}}